
> start
> node app.js

[dotenv@17.2.0] injecting env (5) from .env (tip: ÔÜÖ´©Å  enable debug logging with { debug: true })
Loading C:\Projects\ecommerce-sneaker\controllers\admin\productController.js
Loading C:\Projects\ecommerce-sneaker\controllers\admin\userController.js
Imported productController: [
  'loadAddProductForm',
  'addProduct',
  'loadProducts',
  'softDeleteProduct',
  'loadEditProductForm',
  'updateProduct'
]
Imported userController: [ 'listUsers', 'toggleBlock' ]
Imported authController: [ 'adminLoginPage', 'adminLogin', 'adminLogout' ]
Server running on http://localhost:3000
Ô£à Connected to MongoDB
